
         /\      Grafana   /‾‾/  
    /\  /  \     |\  __   /  /   
   /  \/    \    | |/ /  /   ‾‾\ 
  /          \   |   (  |  (‾)  |
 / __________ \  |_|\_\  \_____/ 

     execution: local
        script: load-test1.js
        output: -

     scenarios: (100.00%) 1 scenario, 200 max VUs, 10m30s max duration (incl. graceful stop):
              * default: Up to 200 looping VUs for 10m0s over 3 stages (gracefulRampDown: 30s, gracefulStop: 30s)


running (00m01.0s), 001/200 VUs, 0 complete and 0 interrupted iterations
default   [   0% ] 001/200 VUs  00m01.0s/10m00.0s
